2026-07-26 13:45:59.216 Uvicorn server started on :::8501
Exception in callback _ProactorBasePipeTransport._call_connection_lost()
handle: <Handle _ProactorBasePipeTransport._call_connection_lost()>
Traceback (most recent call last):
  File "C:\Users\LAMOUSSASORO\AppData\Local\Python\pythoncore-3.14-64\Lib\asyncio\events.py", line 94, in _run
    self._context.run(self._callback, *self._args)
    ~~~~~~~~~~~~~~~~~^^^^^^^^^^^^^^^^^^^^^^^^^^^^^
  File "C:\Users\LAMOUSSASORO\AppData\Local\Python\pythoncore-3.14-64\Lib\asyncio\proactor_events.py", line 165, in _call_connection_lost
    self._sock.shutdown(socket.SHUT_RDWR)
    ~~~~~~~~~~~~~~~~~~~^^^^^^^^^^^^^^^^^^
ConnectionResetError: [WinError 10054] Une connexion existante a dû être fermée par l’hôte distant
Warning: You are sending unauthenticated requests to the HF Hub. Please set a HF_TOKEN to enable higher rate limits and faster downloads.
Loading weights:   0%|          | 0/199 [00:00<?, ?it/s]Loading weights:  43%|████▎     | 86/199 [00:00<00:00, 683.35it/s]Loading weights: 100%|██████████| 199/199 [00:00<00:00, 893.62it/s]
Loading weights:   0%|          | 0/202 [00:00<?, ?it/s]Loading weights:  61%|██████    | 123/202 [00:00<00:00, 1212.89it/s]Loading weights: 100%|██████████| 202/202 [00:00<00:00, 1383.71it/s]
Loading weights:   0%|          | 0/131 [00:00<?, ?it/s]Loading weights:  50%|█████     | 66/131 [00:00<00:00, 658.26it/s]Loading weights: 100%|██████████| 131/131 [00:00<00:00, 219.77it/s]
Exception in callback _ProactorBasePipeTransport._call_connection_lost()
handle: <Handle _ProactorBasePipeTransport._call_connection_lost()>
Traceback (most recent call last):
  File "C:\Users\LAMOUSSASORO\AppData\Local\Python\pythoncore-3.14-64\Lib\asyncio\events.py", line 94, in _run
    self._context.run(self._callback, *self._args)
    ~~~~~~~~~~~~~~~~~^^^^^^^^^^^^^^^^^^^^^^^^^^^^^
  File "C:\Users\LAMOUSSASORO\AppData\Local\Python\pythoncore-3.14-64\Lib\asyncio\proactor_events.py", line 165, in _call_connection_lost
    self._sock.shutdown(socket.SHUT_RDWR)
    ~~~~~~~~~~~~~~~~~~~^^^^^^^^^^^^^^^^^^
ConnectionResetError: [WinError 10054] Une connexion existante a dû être fermée par l’hôte distant
Exception in callback _ProactorBasePipeTransport._call_connection_lost()
handle: <Handle _ProactorBasePipeTransport._call_connection_lost()>
Traceback (most recent call last):
  File "C:\Users\LAMOUSSASORO\AppData\Local\Python\pythoncore-3.14-64\Lib\asyncio\events.py", line 94, in _run
    self._context.run(self._callback, *self._args)
    ~~~~~~~~~~~~~~~~~^^^^^^^^^^^^^^^^^^^^^^^^^^^^^
  File "C:\Users\LAMOUSSASORO\AppData\Local\Python\pythoncore-3.14-64\Lib\asyncio\proactor_events.py", line 165, in _call_connection_lost
    self._sock.shutdown(socket.SHUT_RDWR)
    ~~~~~~~~~~~~~~~~~~~^^^^^^^^^^^^^^^^^^
ConnectionResetError: [WinError 10054] Une connexion existante a dû être fermée par l’hôte distant
